  Determining projects to restore...
  All projects are up-to-date for restore.
  ToledoMessage.Crypto -> D:\Repo\01-Khamis-Projects\ToledoMessage\src\ToledoMessage.Crypto\bin\Debug\net10.0\ToledoMessage.Crypto.dll
  Toledo.SharedKernel -> D:\Repo\01-Khamis-Projects\ToledoMessage\src\Toledo.SharedKernel\bin\Debug\net10.0\Toledo.SharedKernel.dll
  ToledoMessage.Crypto.Tests -> D:\Repo\01-Khamis-Projects\ToledoMessage\tests\ToledoMessage.Crypto.Tests\bin\Debug\net10.0\ToledoMessage.Crypto.Tests.dll
  ToledoMessage.Shared -> D:\Repo\01-Khamis-Projects\ToledoMessage\src\ToledoMessage.Shared\bin\Debug\net10.0\ToledoMessage.Shared.dll
  ToledoMessage.Benchmarks -> D:\Repo\01-Khamis-Projects\ToledoMessage\tests\ToledoMessage.Benchmarks\bin\Debug\net10.0\ToledoMessage.Benchmarks.dll
D:\Repo\01-Khamis-Projects\ToledoMessage\src\ToledoMessage.Client\_Imports.razor(17,29): error CS0234: The type or namespace name 'Localization' does not exist in the namespace 'Microsoft.Extensions' (are you missing an assembly reference?) [D:\Repo\01-Khamis-Projects\ToledoMessage\src\ToledoMessage.Client\ToledoMessage.Client.csproj]
D:\Repo\01-Khamis-Projects\ToledoMessage\src\ToledoMessage.Client\_Imports.razor(17,29): error CS0234: The type or namespace name 'Localization' does not exist in the namespace 'Microsoft.Extensions' (are you missing an assembly reference?) [D:\Repo\01-Khamis-Projects\ToledoMessage\src\ToledoMessage.Client\ToledoMessage.Client.csproj]
D:\Repo\01-Khamis-Projects\ToledoMessage\src\ToledoMessage.Client\_Imports.razor(17,29): error CS0234: The type or namespace name 'Localization' does not exist in the namespace 'Microsoft.Extensions' (are you missing an assembly reference?) [D:\Repo\01-Khamis-Projects\ToledoMessage\src\ToledoMessage.Client\ToledoMessage.Client.csproj]
D:\Repo\01-Khamis-Projects\ToledoMessage\src\ToledoMessage.Client\_Imports.razor(17,29): error CS0234: The type or namespace name 'Localization' does not exist in the namespace 'Microsoft.Extensions' (are you missing an assembly reference?) [D:\Repo\01-Khamis-Projects\ToledoMessage\src\ToledoMessage.Client\ToledoMessage.Client.csproj]
D:\Repo\01-Khamis-Projects\ToledoMessage\src\ToledoMessage.Client\_Imports.razor(17,29): error CS0234: The type or namespace name 'Localization' does not exist in the namespace 'Microsoft.Extensions' (are you missing an assembly reference?) [D:\Repo\01-Khamis-Projects\ToledoMessage\src\ToledoMessage.Client\ToledoMessage.Client.csproj]
D:\Repo\01-Khamis-Projects\ToledoMessage\src\ToledoMessage.Client\_Imports.razor(17,29): error CS0234: The type or namespace name 'Localization' does not exist in the namespace 'Microsoft.Extensions' (are you missing an assembly reference?) [D:\Repo\01-Khamis-Projects\ToledoMessage\src\ToledoMessage.Client\ToledoMessage.Client.csproj]
D:\Repo\01-Khamis-Projects\ToledoMessage\src\ToledoMessage.Client\_Imports.razor(17,29): error CS0234: The type or namespace name 'Localization' does not exist in the namespace 'Microsoft.Extensions' (are you missing an assembly reference?) [D:\Repo\01-Khamis-Projects\ToledoMessage\src\ToledoMessage.Client\ToledoMessage.Client.csproj]
D:\Repo\01-Khamis-Projects\ToledoMessage\src\ToledoMessage.Client\_Imports.razor(17,29): error CS0234: The type or namespace name 'Localization' does not exist in the namespace 'Microsoft.Extensions' (are you missing an assembly reference?) [D:\Repo\01-Khamis-Projects\ToledoMessage\src\ToledoMessage.Client\ToledoMessage.Client.csproj]
D:\Repo\01-Khamis-Projects\ToledoMessage\src\ToledoMessage.Client\_Imports.razor(17,29): error CS0234: The type or namespace name 'Localization' does not exist in the namespace 'Microsoft.Extensions' (are you missing an assembly reference?) [D:\Repo\01-Khamis-Projects\ToledoMessage\src\ToledoMessage.Client\ToledoMessage.Client.csproj]
D:\Repo\01-Khamis-Projects\ToledoMessage\src\ToledoMessage.Client\_Imports.razor(17,29): error CS0234: The type or namespace name 'Localization' does not exist in the namespace 'Microsoft.Extensions' (are you missing an assembly reference?) [D:\Repo\01-Khamis-Projects\ToledoMessage\src\ToledoMessage.Client\ToledoMessage.Client.csproj]
D:\Repo\01-Khamis-Projects\ToledoMessage\src\ToledoMessage.Client\_Imports.razor(17,29): error CS0234: The type or namespace name 'Localization' does not exist in the namespace 'Microsoft.Extensions' (are you missing an assembly reference?) [D:\Repo\01-Khamis-Projects\ToledoMessage\src\ToledoMessage.Client\ToledoMessage.Client.csproj]
D:\Repo\01-Khamis-Projects\ToledoMessage\src\ToledoMessage.Client\_Imports.razor(17,29): error CS0234: The type or namespace name 'Localization' does not exist in the namespace 'Microsoft.Extensions' (are you missing an assembly reference?) [D:\Repo\01-Khamis-Projects\ToledoMessage\src\ToledoMessage.Client\ToledoMessage.Client.csproj]
D:\Repo\01-Khamis-Projects\ToledoMessage\src\ToledoMessage.Client\_Imports.razor(17,29): error CS0234: The type or namespace name 'Localization' does not exist in the namespace 'Microsoft.Extensions' (are you missing an assembly reference?) [D:\Repo\01-Khamis-Projects\ToledoMessage\src\ToledoMessage.Client\ToledoMessage.Client.csproj]
D:\Repo\01-Khamis-Projects\ToledoMessage\src\ToledoMessage.Client\_Imports.razor(17,29): error CS0234: The type or namespace name 'Localization' does not exist in the namespace 'Microsoft.Extensions' (are you missing an assembly reference?) [D:\Repo\01-Khamis-Projects\ToledoMessage\src\ToledoMessage.Client\ToledoMessage.Client.csproj]
D:\Repo\01-Khamis-Projects\ToledoMessage\src\ToledoMessage.Client\_Imports.razor(17,29): error CS0234: The type or namespace name 'Localization' does not exist in the namespace 'Microsoft.Extensions' (are you missing an assembly reference?) [D:\Repo\01-Khamis-Projects\ToledoMessage\src\ToledoMessage.Client\ToledoMessage.Client.csproj]
D:\Repo\01-Khamis-Projects\ToledoMessage\src\ToledoMessage.Client\_Imports.razor(17,29): error CS0234: The type or namespace name 'Localization' does not exist in the namespace 'Microsoft.Extensions' (are you missing an assembly reference?) [D:\Repo\01-Khamis-Projects\ToledoMessage\src\ToledoMessage.Client\ToledoMessage.Client.csproj]
D:\Repo\01-Khamis-Projects\ToledoMessage\src\ToledoMessage.Client\_Imports.razor(17,29): error CS0234: The type or namespace name 'Localization' does not exist in the namespace 'Microsoft.Extensions' (are you missing an assembly reference?) [D:\Repo\01-Khamis-Projects\ToledoMessage\src\ToledoMessage.Client\ToledoMessage.Client.csproj]
D:\Repo\01-Khamis-Projects\ToledoMessage\src\ToledoMessage.Client\_Imports.razor(17,29): error CS0234: The type or namespace name 'Localization' does not exist in the namespace 'Microsoft.Extensions' (are you missing an assembly reference?) [D:\Repo\01-Khamis-Projects\ToledoMessage\src\ToledoMessage.Client\ToledoMessage.Client.csproj]
D:\Repo\01-Khamis-Projects\ToledoMessage\src\ToledoMessage.Client\Pages\Login.razor(13,9): error CS0246: The type or namespace name 'IStringLocalizer<>' could not be found (are you missing a using directive or an assembly reference?) [D:\Repo\01-Khamis-Projects\ToledoMessage\src\ToledoMessage.Client\ToledoMessage.Client.csproj]
D:\Repo\01-Khamis-Projects\ToledoMessage\src\ToledoMessage.Client\Pages\Register.razor(9,9): error CS0246: The type or namespace name 'IStringLocalizer<>' could not be found (are you missing a using directive or an assembly reference?) [D:\Repo\01-Khamis-Projects\ToledoMessage\src\ToledoMessage.Client\ToledoMessage.Client.csproj]
D:\Repo\01-Khamis-Projects\ToledoMessage\src\ToledoMessage.Client\_Imports.razor(17,29): error CS0234: The type or namespace name 'Localization' does not exist in the namespace 'Microsoft.Extensions' (are you missing an assembly reference?) [D:\Repo\01-Khamis-Projects\ToledoMessage\src\ToledoMessage.Client\ToledoMessage.Client.csproj]
D:\Repo\01-Khamis-Projects\ToledoMessage\src\ToledoMessage.Client\_Imports.razor(17,29): error CS0234: The type or namespace name 'Localization' does not exist in the namespace 'Microsoft.Extensions' (are you missing an assembly reference?) [D:\Repo\01-Khamis-Projects\ToledoMessage\src\ToledoMessage.Client\ToledoMessage.Client.csproj]
D:\Repo\01-Khamis-Projects\ToledoMessage\src\ToledoMessage.Client\_Imports.razor(17,29): error CS0234: The type or namespace name 'Localization' does not exist in the namespace 'Microsoft.Extensions' (are you missing an assembly reference?) [D:\Repo\01-Khamis-Projects\ToledoMessage\src\ToledoMessage.Client\ToledoMessage.Client.csproj]
D:\Repo\01-Khamis-Projects\ToledoMessage\src\ToledoMessage.Client\_Imports.razor(17,29): error CS0234: The type or namespace name 'Localization' does not exist in the namespace 'Microsoft.Extensions' (are you missing an assembly reference?) [D:\Repo\01-Khamis-Projects\ToledoMessage\src\ToledoMessage.Client\ToledoMessage.Client.csproj]
D:\Repo\01-Khamis-Projects\ToledoMessage\src\ToledoMessage.Client\_Imports.razor(17,29): error CS0234: The type or namespace name 'Localization' does not exist in the namespace 'Microsoft.Extensions' (are you missing an assembly reference?) [D:\Repo\01-Khamis-Projects\ToledoMessage\src\ToledoMessage.Client\ToledoMessage.Client.csproj]
D:\Repo\01-Khamis-Projects\ToledoMessage\src\ToledoMessage.Client\_Imports.razor(17,29): error CS0234: The type or namespace name 'Localization' does not exist in the namespace 'Microsoft.Extensions' (are you missing an assembly reference?) [D:\Repo\01-Khamis-Projects\ToledoMessage\src\ToledoMessage.Client\ToledoMessage.Client.csproj]
D:\Repo\01-Khamis-Projects\ToledoMessage\src\ToledoMessage.Client\_Imports.razor(17,29): error CS0234: The type or namespace name 'Localization' does not exist in the namespace 'Microsoft.Extensions' (are you missing an assembly reference?) [D:\Repo\01-Khamis-Projects\ToledoMessage\src\ToledoMessage.Client\ToledoMessage.Client.csproj]

Build FAILED.

D:\Repo\01-Khamis-Projects\ToledoMessage\src\ToledoMessage.Client\_Imports.razor(17,29): error CS0234: The type or namespace name 'Localization' does not exist in the namespace 'Microsoft.Extensions' (are you missing an assembly reference?) [D:\Repo\01-Khamis-Projects\ToledoMessage\src\ToledoMessage.Client\ToledoMessage.Client.csproj]
D:\Repo\01-Khamis-Projects\ToledoMessage\src\ToledoMessage.Client\_Imports.razor(17,29): error CS0234: The type or namespace name 'Localization' does not exist in the namespace 'Microsoft.Extensions' (are you missing an assembly reference?) [D:\Repo\01-Khamis-Projects\ToledoMessage\src\ToledoMessage.Client\ToledoMessage.Client.csproj]
D:\Repo\01-Khamis-Projects\ToledoMessage\src\ToledoMessage.Client\_Imports.razor(17,29): error CS0234: The type or namespace name 'Localization' does not exist in the namespace 'Microsoft.Extensions' (are you missing an assembly reference?) [D:\Repo\01-Khamis-Projects\ToledoMessage\src\ToledoMessage.Client\ToledoMessage.Client.csproj]
D:\Repo\01-Khamis-Projects\ToledoMessage\src\ToledoMessage.Client\_Imports.razor(17,29): error CS0234: The type or namespace name 'Localization' does not exist in the namespace 'Microsoft.Extensions' (are you missing an assembly reference?) [D:\Repo\01-Khamis-Projects\ToledoMessage\src\ToledoMessage.Client\ToledoMessage.Client.csproj]
D:\Repo\01-Khamis-Projects\ToledoMessage\src\ToledoMessage.Client\_Imports.razor(17,29): error CS0234: The type or namespace name 'Localization' does not exist in the namespace 'Microsoft.Extensions' (are you missing an assembly reference?) [D:\Repo\01-Khamis-Projects\ToledoMessage\src\ToledoMessage.Client\ToledoMessage.Client.csproj]
D:\Repo\01-Khamis-Projects\ToledoMessage\src\ToledoMessage.Client\_Imports.razor(17,29): error CS0234: The type or namespace name 'Localization' does not exist in the namespace 'Microsoft.Extensions' (are you missing an assembly reference?) [D:\Repo\01-Khamis-Projects\ToledoMessage\src\ToledoMessage.Client\ToledoMessage.Client.csproj]
D:\Repo\01-Khamis-Projects\ToledoMessage\src\ToledoMessage.Client\_Imports.razor(17,29): error CS0234: The type or namespace name 'Localization' does not exist in the namespace 'Microsoft.Extensions' (are you missing an assembly reference?) [D:\Repo\01-Khamis-Projects\ToledoMessage\src\ToledoMessage.Client\ToledoMessage.Client.csproj]
D:\Repo\01-Khamis-Projects\ToledoMessage\src\ToledoMessage.Client\_Imports.razor(17,29): error CS0234: The type or namespace name 'Localization' does not exist in the namespace 'Microsoft.Extensions' (are you missing an assembly reference?) [D:\Repo\01-Khamis-Projects\ToledoMessage\src\ToledoMessage.Client\ToledoMessage.Client.csproj]
D:\Repo\01-Khamis-Projects\ToledoMessage\src\ToledoMessage.Client\_Imports.razor(17,29): error CS0234: The type or namespace name 'Localization' does not exist in the namespace 'Microsoft.Extensions' (are you missing an assembly reference?) [D:\Repo\01-Khamis-Projects\ToledoMessage\src\ToledoMessage.Client\ToledoMessage.Client.csproj]
D:\Repo\01-Khamis-Projects\ToledoMessage\src\ToledoMessage.Client\_Imports.razor(17,29): error CS0234: The type or namespace name 'Localization' does not exist in the namespace 'Microsoft.Extensions' (are you missing an assembly reference?) [D:\Repo\01-Khamis-Projects\ToledoMessage\src\ToledoMessage.Client\ToledoMessage.Client.csproj]
D:\Repo\01-Khamis-Projects\ToledoMessage\src\ToledoMessage.Client\_Imports.razor(17,29): error CS0234: The type or namespace name 'Localization' does not exist in the namespace 'Microsoft.Extensions' (are you missing an assembly reference?) [D:\Repo\01-Khamis-Projects\ToledoMessage\src\ToledoMessage.Client\ToledoMessage.Client.csproj]
D:\Repo\01-Khamis-Projects\ToledoMessage\src\ToledoMessage.Client\_Imports.razor(17,29): error CS0234: The type or namespace name 'Localization' does not exist in the namespace 'Microsoft.Extensions' (are you missing an assembly reference?) [D:\Repo\01-Khamis-Projects\ToledoMessage\src\ToledoMessage.Client\ToledoMessage.Client.csproj]
D:\Repo\01-Khamis-Projects\ToledoMessage\src\ToledoMessage.Client\_Imports.razor(17,29): error CS0234: The type or namespace name 'Localization' does not exist in the namespace 'Microsoft.Extensions' (are you missing an assembly reference?) [D:\Repo\01-Khamis-Projects\ToledoMessage\src\ToledoMessage.Client\ToledoMessage.Client.csproj]
D:\Repo\01-Khamis-Projects\ToledoMessage\src\ToledoMessage.Client\_Imports.razor(17,29): error CS0234: The type or namespace name 'Localization' does not exist in the namespace 'Microsoft.Extensions' (are you missing an assembly reference?) [D:\Repo\01-Khamis-Projects\ToledoMessage\src\ToledoMessage.Client\ToledoMessage.Client.csproj]
D:\Repo\01-Khamis-Projects\ToledoMessage\src\ToledoMessage.Client\_Imports.razor(17,29): error CS0234: The type or namespace name 'Localization' does not exist in the namespace 'Microsoft.Extensions' (are you missing an assembly reference?) [D:\Repo\01-Khamis-Projects\ToledoMessage\src\ToledoMessage.Client\ToledoMessage.Client.csproj]
D:\Repo\01-Khamis-Projects\ToledoMessage\src\ToledoMessage.Client\_Imports.razor(17,29): error CS0234: The type or namespace name 'Localization' does not exist in the namespace 'Microsoft.Extensions' (are you missing an assembly reference?) [D:\Repo\01-Khamis-Projects\ToledoMessage\src\ToledoMessage.Client\ToledoMessage.Client.csproj]
D:\Repo\01-Khamis-Projects\ToledoMessage\src\ToledoMessage.Client\_Imports.razor(17,29): error CS0234: The type or namespace name 'Localization' does not exist in the namespace 'Microsoft.Extensions' (are you missing an assembly reference?) [D:\Repo\01-Khamis-Projects\ToledoMessage\src\ToledoMessage.Client\ToledoMessage.Client.csproj]
D:\Repo\01-Khamis-Projects\ToledoMessage\src\ToledoMessage.Client\_Imports.razor(17,29): error CS0234: The type or namespace name 'Localization' does not exist in the namespace 'Microsoft.Extensions' (are you missing an assembly reference?) [D:\Repo\01-Khamis-Projects\ToledoMessage\src\ToledoMessage.Client\ToledoMessage.Client.csproj]
D:\Repo\01-Khamis-Projects\ToledoMessage\src\ToledoMessage.Client\Pages\Login.razor(13,9): error CS0246: The type or namespace name 'IStringLocalizer<>' could not be found (are you missing a using directive or an assembly reference?) [D:\Repo\01-Khamis-Projects\ToledoMessage\src\ToledoMessage.Client\ToledoMessage.Client.csproj]
D:\Repo\01-Khamis-Projects\ToledoMessage\src\ToledoMessage.Client\Pages\Register.razor(9,9): error CS0246: The type or namespace name 'IStringLocalizer<>' could not be found (are you missing a using directive or an assembly reference?) [D:\Repo\01-Khamis-Projects\ToledoMessage\src\ToledoMessage.Client\ToledoMessage.Client.csproj]
D:\Repo\01-Khamis-Projects\ToledoMessage\src\ToledoMessage.Client\_Imports.razor(17,29): error CS0234: The type or namespace name 'Localization' does not exist in the namespace 'Microsoft.Extensions' (are you missing an assembly reference?) [D:\Repo\01-Khamis-Projects\ToledoMessage\src\ToledoMessage.Client\ToledoMessage.Client.csproj]
D:\Repo\01-Khamis-Projects\ToledoMessage\src\ToledoMessage.Client\_Imports.razor(17,29): error CS0234: The type or namespace name 'Localization' does not exist in the namespace 'Microsoft.Extensions' (are you missing an assembly reference?) [D:\Repo\01-Khamis-Projects\ToledoMessage\src\ToledoMessage.Client\ToledoMessage.Client.csproj]
D:\Repo\01-Khamis-Projects\ToledoMessage\src\ToledoMessage.Client\_Imports.razor(17,29): error CS0234: The type or namespace name 'Localization' does not exist in the namespace 'Microsoft.Extensions' (are you missing an assembly reference?) [D:\Repo\01-Khamis-Projects\ToledoMessage\src\ToledoMessage.Client\ToledoMessage.Client.csproj]
D:\Repo\01-Khamis-Projects\ToledoMessage\src\ToledoMessage.Client\_Imports.razor(17,29): error CS0234: The type or namespace name 'Localization' does not exist in the namespace 'Microsoft.Extensions' (are you missing an assembly reference?) [D:\Repo\01-Khamis-Projects\ToledoMessage\src\ToledoMessage.Client\ToledoMessage.Client.csproj]
D:\Repo\01-Khamis-Projects\ToledoMessage\src\ToledoMessage.Client\_Imports.razor(17,29): error CS0234: The type or namespace name 'Localization' does not exist in the namespace 'Microsoft.Extensions' (are you missing an assembly reference?) [D:\Repo\01-Khamis-Projects\ToledoMessage\src\ToledoMessage.Client\ToledoMessage.Client.csproj]
D:\Repo\01-Khamis-Projects\ToledoMessage\src\ToledoMessage.Client\_Imports.razor(17,29): error CS0234: The type or namespace name 'Localization' does not exist in the namespace 'Microsoft.Extensions' (are you missing an assembly reference?) [D:\Repo\01-Khamis-Projects\ToledoMessage\src\ToledoMessage.Client\ToledoMessage.Client.csproj]
D:\Repo\01-Khamis-Projects\ToledoMessage\src\ToledoMessage.Client\_Imports.razor(17,29): error CS0234: The type or namespace name 'Localization' does not exist in the namespace 'Microsoft.Extensions' (are you missing an assembly reference?) [D:\Repo\01-Khamis-Projects\ToledoMessage\src\ToledoMessage.Client\ToledoMessage.Client.csproj]
    0 Warning(s)
    27 Error(s)

Time Elapsed 00:00:04.25
